remoto: 127.0.0.1:60004
[SERVIDOR] Escutando em 127.0.0.1:60004
127.0.0.1:55036
GET / HTTP/1.0
Host: teste

127.0.0.1:55042
GET / HTTP/1.0
Host: teste

127.0.0.1:55054
GET / HTTP/1.0
Host: teste

127.0.0.1:55064
GET / HTTP/1.0
Host: teste

127.0.0.1:55070
GET / HTTP/1.0
Host: teste

127.0.0.1:55086
GET / HTTP/1.0
Host: teste

127.0.0.1:55092
GET / HTTP/1.0
Host: teste

127.0.0.1:55098
GET / HTTP/1.0
Host: teste

127.0.0.1:55104
GET / HTTP/1.0
Host: teste

