remoto: 127.0.0.1:50010
[SERVIDOR] Escutando em 127.0.0.1:50010
127.0.0.1:34326
GET / HTTP/1.0
Host: teste

127.0.0.1:34338
GET / HTTP/1.0
Host: teste

127.0.0.1:34354
GET / HTTP/1.0
Host: teste

127.0.0.1:34356
GET / HTTP/1.0
Host: teste

127.0.0.1:34370
GET / HTTP/1.0
Host: teste

127.0.0.1:34376
GET / HTTP/1.0
Host: teste

127.0.0.1:34386
GET / HTTP/1.0
Host: teste

127.0.0.1:34398
GET / HTTP/1.0
Host: teste

127.0.0.1:34414
GET / HTTP/1.0
Host: teste

127.0.0.1:34426
GET / HTTP/1.0
Host: teste

