remoto: 127.0.0.1:50006
[SERVIDOR] Escutando em 127.0.0.1:50006
127.0.0.1:41396
GET / HTTP/1.0
Host: teste

127.0.0.1:41406
GET / HTTP/1.0
Host: teste

127.0.0.1:41412
GET / HTTP/1.0
Host: teste

127.0.0.1:41420
GET / HTTP/1.0
Host: teste

127.0.0.1:41430
GET / HTTP/1.0
Host: teste

127.0.0.1:41436
GET / HTTP/1.0
Host: teste

127.0.0.1:41438
GET / HTTP/1.0
Host: teste

127.0.0.1:41444
GET / HTTP/1.0
Host: teste

127.0.0.1:41448
GET / HTTP/1.0
Host: teste

127.0.0.1:41452
GET / HTTP/1.0
Host: teste

