remoto: 127.0.0.1:50005
[SERVIDOR] Escutando em 127.0.0.1:50005
127.0.0.1:48810
GET / HTTP/1.0
Host: teste

127.0.0.1:48824
GET / HTTP/1.0
Host: teste

127.0.0.1:48836
GET / HTTP/1.0
Host: teste

127.0.0.1:48842
GET / HTTP/1.0
Host: teste

127.0.0.1:48854
GET / HTTP/1.0
Host: teste

127.0.0.1:48862
GET / HTTP/1.0
Host: teste

127.0.0.1:48874
GET / HTTP/1.0
Host: teste

127.0.0.1:48886
GET / HTTP/1.0
Host: teste

127.0.0.1:48902
GET / HTTP/1.0
Host: teste

127.0.0.1:48910
GET / HTTP/1.0
Host: teste

