remoto: 127.0.0.1:50003
[SERVIDOR] Escutando em 127.0.0.1:50003
127.0.0.1:47628
GET / HTTP/1.0
Host: teste

127.0.0.1:47644
GET / HTTP/1.0
Host: teste

127.0.0.1:47650
GET / HTTP/1.0
Host: teste

127.0.0.1:47656
GET / HTTP/1.0
Host: teste

127.0.0.1:47668
GET / HTTP/1.0
Host: teste

127.0.0.1:47674
GET / HTTP/1.0
Host: teste

127.0.0.1:47688
GET / HTTP/1.0
Host: teste

127.0.0.1:47700
GET / HTTP/1.0
Host: teste

127.0.0.1:47714
GET / HTTP/1.0
Host: teste

127.0.0.1:47724
GET / HTTP/1.0
Host: teste

